// Jest Snapshot v1, https://goo.gl/fbAQLP

exports[`Vue Svelte Adapter renders template 1`] = `"<div><h1>Hello</h1></div>"`;
